
> monster-face-gen-qa@9.8.0 preqa
> node scripts/update-hero-manifest.js && node scripts/update-hero-docs.js && node scripts/update-hero-qa.js && node scripts/update-library-rollout-manifest.js && node scripts/update-library-rollout-docs.js

Hero fidelity manifest metadata is current.
Hero fidelity README and asset guide sections are current.
Hero QA renders authored mouth plates directly for review; runtime Canvas alpha clipping remains unchanged.
Library fidelity rollout manifest metadata is current.
Library fidelity rollout documentation is current.

> monster-face-gen-qa@9.8.0 qa
> node -r ./scripts/sharp-svg-sanitize.js scripts/contact-sheet-qa.js && node -r ./scripts/sharp-svg-sanitize.js scripts/hybrid-bundle-qa.js && node -r ./scripts/sharp-svg-sanitize.js scripts/pair-junction-qa.js && node -r ./scripts/sharp-svg-sanitize.js scripts/hero-fidelity-qa.js && node scripts/hero-review-qa.js && node scripts/library-fidelity-qa.js

Fontconfig warning: using without calling FcInit()
{"passed":true,"errorCount":0,"warningCount":0,"checkCount":7}
Fontconfig warning: using without calling FcInit()
{"passed":true,"errorCount":0,"warningCount":0,"checkCount":7}
Fontconfig warning: using without calling FcInit()
{"passed":true,"errorCount":0,"warningCount":32,"checkCount":7}
Fontconfig warning: using without calling FcInit()
{"passed":true,"errorCount":0,"warningCount":0,"checkCount":5}
{"passed":true,"errorCount":0,"warningCount":3,"reviewCount":3,"humanConfirmedCount":0}
Fontconfig warning: using without calling FcInit()
{"passed":true,"errorCount":0,"warningCount":16,"checkCount":6}
